// Jest Snapshot v1, https://goo.gl/fbAQLP

exports[`Query.chats should fetch all chats 1`] = `
Object {
  "chats": Array [
    Object {
      "id": "1",
      "lastMessage": Object {
        "content": "You on your way?",
        "createdAt": 2020-09-15T00:41:17.450Z,
        "id": "1",
      },
      "name": "Ethan Gonzales",
      "picture": "https://randomuser.me/api/portraits/thumb/men/1.jpg",
    },
    Object {
      "id": "2",
      "lastMessage": Object {
        "content": "Hey, it's me",
        "createdAt": 2020-09-14T08:01:17.450Z,
        "id": "2",
      },
      "name": "Bryan Wallace",
      "picture": "https://randomuser.me/api/portraits/thumb/men/2.jpg",
    },
    Object {
      "id": "3",
      "lastMessage": Object {
        "content": "I should buy a boat",
        "createdAt": 2020-08-30T01:21:17.450Z,
        "id": "3",
      },
      "name": "Avery Stewart",
      "picture": "https://randomuser.me/api/portraits/thumb/women/1.jpg",
    },
    Object {
      "id": "4",
      "lastMessage": Object {
        "content": "This is wicked good ice cream",
        "createdAt": 2020-09-11T20:01:17.450Z,
        "id": "4",
      },
      "name": "Katie Peterson",
      "picture": "https://randomuser.me/api/portraits/thumb/women/2.jpg",
    },
  ],
}
`;
